data:application/json,{"image_data": "%3csvg%20xmlns='http://www.w3.org/2000/svg'%20viewBox='0%200%20255%20255'%20width='500px'%20height='500px'%3e%3cpath%20d='M0,0H255V255H0V0'%20fill='%239135AC'%20stroke='%23000'/%3e%3cpath%20d='M127,168A255,255,0,0,0,0,185V209H255V185A255,255,0,0,0,127,168'%20fill='%236E2AF5'%20stroke='%23000'/%3e%3cpath%20d='M0,215H255V255H0V215'%20fill='%236E2AF5'%20stroke='%23000'/%3e%3cpath%20d='M173,217H82C54,224,48,255,48,255H207C207,255,201,224,173,217'%20fill='%235C7940'%20stroke='%23000'/%3e%3cpath%20d='M82,211H173V255H82V211'%20fill='%23DFD5A1'%20stroke='%23000'/%3e%3cpath%20d='M83,211V225C96,238,111,246,127,246C144,246,159,238,172,225V211H83'%20fill='%23CEC07D'/%3e%3cpath%20d='M197,106H58C46,106,36,117,36,131C36,145,46,156,58,156H197C209,156,219,145,219,131C219,117,209,106,197,106'%20fill='%23A8A077'%20stroke='%23000'/%3e%3cpath%20d='M58,135A69,99,0,1,0,197,135A69,99,0,1,0,58,135'%20fill='%23DFD5A1'%20stroke='%23000'/%3e%3cpath%20d='M196,120C196,120,209,118,210,135'%20fill='none'%20stroke='%23000'/%3e%3cpath%20d='M59,120C59,120,46,118,45,135'%20fill='none'%20stroke='%23000'/%3e%3cpath%20d='M79,135C79,86,104,45,136,38A44,44,0,0,0,126,37C89,37,59,81,59,135C59,190,89,233,126,233A50,50,0,0,0,136,232C104,225,79,185,79,135'%20fill='%23CEC07D'/%3e%3cpath%20d='M127,194C97,194,90,184,90,184C90,184,101,217,127,217C154,217,165,184,165,184C165,184,158,194,127,194'%20fill='%23000000'%20stroke='%23000'/%3e%3cpath%20d='M127,194C97,194,90,184,90,184A64,64,0,0,0,94,193C99,196,109,200,127,200C146,200,156,196,161,193A60,60,0,0,0,165,184C165,184,158,194,127,194'%20fill='%23FFFFFF'%20stroke='%23000'/%3e%3cpath%20d='M99,201C106,209,115,217,127,217C140,217,149,209,156,201A59,59,0,0,1,99,201V201'%20fill='%23FFFFFF'%20stroke='%23000'/%3e%3cpath%20d='M97,189V196'%20fill='none'%20stroke='%23000'/%3e%3cpath%20d='M103,191V199'%20fill='none'%20stroke='%23000'/%3e%3cpath%20d='M108,192V200'%20fill='none'%20stroke='%23000'/%3e%3cpath%20d='M127,194V202'%20fill='none'%20stroke='%23000'/%3e%3cpath%20d='M114,193V200'%20fill='none'%20stroke='%23000'/%3e%3cpath%20d='M120,194V201'%20fill='none'%20stroke='%23000'/%3e%3cpath%20d='M106,208V203'%20fill='none'%20stroke='%23000'/%3e%3cpath%20d='M109,211V204'%20fill='none'%20stroke='%23000'/%3e%3cpath%20d='M114,213V205'%20fill='none'%20stroke='%23000'/%3e%3cpath%20d='M119,216V206'%20fill='none'%20stroke='%23000'/%3e%3cpath%20d='M158,189V196'%20fill='none'%20stroke='%23000'/%3e%3cpath%20d='M152,191V199'%20fill='none'%20stroke='%23000'/%3e%3cpath%20d='M147,192V200'%20fill='none'%20stroke='%23000'/%3e%3cpath%20d='M141,193V200'%20fill='none'%20stroke='%23000'/%3e%3cpath%20d='M135,194V201'%20fill='none'%20stroke='%23000'/%3e%3cpath%20d='M149,208V203'%20fill='none'%20stroke='%23000'/%3e%3cpath%20d='M146,211V204'%20fill='none'%20stroke='%23000'/%3e%3cpath%20d='M141,213V205'%20fill='none'%20stroke='%23000'/%3e%3cpath%20d='M136,216V206'%20fill='none'%20stroke='%23000'/%3e%3cpath%20d='M127,217V207'%20fill='none'%20stroke='%23000'/%3e%3cpath%20d='M143,173C143,173,141,161,127,161C114,161,112,173,112,173'%20fill='none'%20stroke='%23000'/%3e%3cpath%20d='M87,139V161A2,2,0,0,0,90,163A2,2,0,0,0,92,161V159A1,1,0,1,1,94,159V168A3,3,0,1,0,101,168V159A2,2,0,1,1,105,159V165A2,2,0,0,0,109,165V158A2,2,0,1,1,113,158V160A2,2,0,0,0,115,162A2,2,0,0,0,118,160V139H87'%20fill='%232B2B2B'%20stroke='%23000'/%3e%3cpath%20d='M137,139V160A2,2,0,0,0,139,162A2,2,0,0,0,142,160V158A2,2,0,0,1,146,158V165A2,2,0,1,0,150,165V159A2,2,0,0,1,152,157A2,2,0,0,1,154,159V168A3,3,0,1,0,161,168V159A1,1,0,1,1,163,159V161A2,2,0,1,0,168,161V139H137'%20fill='%232B2B2B'%20stroke='%23000'/%3e%3cpath%20d='M94,139C94,134,100,130,107,129A28,28,0,0,0,103,129C94,129,86,133,86,139C86,144,94,149,103,149A28,28,0,0,0,107,148C100,147,94,143,94,139'%20fill='%23000000'%20stroke='%23000'/%3e%3cpath%20d='M107,129C100,130,94,134,94,139C94,143,100,147,107,148C115,147,120,143,120,139C120,134,115,130,107,129'%20fill='%23FFFFFF'%20stroke='%23000'/%3e%3cpath%20d='M116,115H93A4,4,0,0,0,93,124H116A4,4,0,0,0,116,115V115'%20fill='%23000000'%20stroke='%23000'/%3e%3cpath%20d='M143,139C143,134,148,130,156,129A28,28,0,0,0,152,129C142,129,135,133,135,139C135,144,142,149,152,149A28,28,0,0,0,156,148C148,147,143,143,143,139'%20fill='%23000000'%20stroke='%23000'/%3e%3cpath%20d='M156,129C148,130,143,134,143,139C143,143,148,147,156,148C163,147,169,143,169,139C169,134,163,130,156,129'%20fill='%23FFFFFF'%20stroke='%23000'/%3e%3cpath%20d='M164,115H141A4,4,0,0,0,141,124H164A4,4,0,1,0,164,115'%20fill='%23000000'%20stroke='%23000'/%3e%3cpath%20d='M107,135A3,3,0,0,0,104,139A3,3,0,0,0,107,142A3,3,0,0,0,111,139A3,3,0,0,0,107,135'%20fill='%23000000'%20stroke='%23000'/%3e%3cpath%20d='M156,135A3,3,0,0,0,152,139A3,3,0,0,0,156,142A3,3,0,0,0,159,139A3,3,0,0,0,156,135'%20fill='%23000000'%20stroke='%23000'/%3e%3cpath%20d='M202,153A5,5,0,0,0,197,159A5,5,0,1,0,202,153'%20fill='%23FFFF00'%20stroke='%23000'/%3e%3cpath%20d='M203,154A5,5,0,0,0,199,155V155A5,5,0,0,1,204,160A4,4,0,0,1,203,164A5,5,0,1,0,203,154V154'%20fill='%23C9C300'/%3e%3cpath%20d='M53,153A5,5,0,0,0,47,159A5,5,0,1,0,53,153'%20fill='%23FFFF00'%20stroke='%23000'/%3e%3cpath%20d='M56,155V155A4,4,0,0,0,52,154A5,5,0,0,0,52,164A4,4,0,0,1,51,160A5,5,0,0,1,56,155'%20fill='%23C9C300'/%3e%3cpath%20d='M194,164L192,163L113,172L72,166L62,167C66,184,73,200,82,211V211C106,242,149,242,173,211V211C183,199,190,182,194,164'%20fill='%230A0A0A'%20stroke='%23000'/%3e%3cpath%20d='M148,165H109C109,165,62,169,58,147A147,147,0,0,0,62,167C72,175,93,176,102,175H153C162,176,183,175,193,167A134,134,0,0,0,197,147C193,169,148,165,148,165'%20fill='%231C1C1C'%20stroke='%23000'/%3e%3cpath%20d='M133,152A11,11,0,0,0,122,152C114,157,102,166,102,176C102,192,113,195,127,195C142,195,153,192,153,176C153,166,141,157,133,152'%20fill='%231C1C1C'%20stroke='%23000'/%3e%3cpath%20d='M70,210A12,21,0,1,0,95,210A12,21,0,1,0,70,210'%20fill='%231C1C1C'%20stroke='%23000'/%3e%3cpath%20d='M151,210A21,12,0,1,0,194,210A21,12,0,1,0,151,210'%20fill='%231C1C1C'%20stroke='%23000'/%3e%3cpath%20d='M79,192A26,26,0,0,1,88,198A27,27,0,0,1,105,187A17,17,0,0,1,102,178C88,179,82,187,79,192'%20fill='%231C1C1C'%20stroke='%23000'/%3e%3cpath%20d='M153,178A17,17,0,0,1,149,187A27,27,0,0,1,167,198A24,24,0,0,1,176,192C173,187,166,179,153,178'%20fill='%231C1C1C'%20stroke='%23000'/%3e%3cpath%20d='M96,196A11,11,0,0,0,89,198C94,204,99,214,99,220C113,216,110,196,96,196'%20fill='%231C1C1C'%20stroke='%23000'/%3e%3cpath%20d='M166,198C158,192,147,198,147,208A12,12,0,0,0,156,220C156,214,160,204,166,198'%20fill='%231C1C1C'%20stroke='%23000'/%3e%3cpath%20d='M132,155A8,8,0,0,0,123,155C116,159,105,167,105,176C105,188,111,192,127,192C144,192,150,188,150,176C150,167,139,159,132,155'%20fill='%23BA2042'%20stroke='%23000'/%3e%3cpath%20d='M90,205C86,199,79,194,75,194A5,5,0,0,0,71,195C68,198,68,207,75,216C79,222,86,226,90,226A5,5,0,0,0,94,225C95,224,96,221,96,218A27,27,0,0,0,90,205'%20fill='%23BA2042'%20stroke='%23000'/%3e%3cpath%20d='M184,195A5,5,0,0,0,180,194C176,194,169,199,165,205A28,28,0,0,0,159,218C159,221,160,224,161,225A5,5,0,0,0,165,226C169,226,176,222,180,216C187,207,187,198,184,195'%20fill='%23BA2042'%20stroke='%23000'/%3e%3cpath%20d='M127,200C123,200,120,206,120,213C120,220,123,226,127,226C132,226,135,220,135,213C135,206,132,200,127,200'%20fill='%23BA2042'%20stroke='%23000'/%3e%3cpath%20d='M127,154A7,7,0,0,0,123,155C117,159,106,167,106,176C106,185,109,188,117,190C116,188,115,185,115,182C115,173,126,165,132,161A7,7,0,0,1,136,160H138A64,64,0,0,0,132,155A8,8,0,0,0,127,154'%20fill='%2372001E'/%3e%3cpath%20d='M81,211C77,205,75,199,76,195H75A4,4,0,0,0,72,196C69,199,69,207,75,216C80,221,85,225,90,225A4,4,0,0,0,93,224A6,6,0,0,0,95,221C90,221,85,217,81,211'%20fill='%2372001E'/%3e%3cpath%20d='M183,196A4,4,0,0,0,180,195H179C180,199,178,205,174,211C170,217,165,221,160,221A5,5,0,0,0,162,224A4,4,0,0,0,165,225C170,225,175,221,180,216C186,207,186,199,183,196'%20fill='%2372001E'/%3e%3cpath%20d='M131,202A5,5,0,0,0,128,201C124,201,120,206,120,213C120,220,124,225,128,225A5,5,0,0,0,131,224C128,222,126,218,126,213C126,208,128,204,131,202'%20fill='%2372001E'/%3e%3cpath%20d='M192,90H63A26,26,0,0,0,36,117V142A26,26,0,0,0,63,169H192A26,26,0,0,0,219,142V117A26,26,0,0,0,192,90M214,142A21,21,0,0,1,192,164H63A21,21,0,0,1,41,142V117A21,21,0,0,1,63,95H192A21,21,0,0,1,214,117V142'%20fill='%23223546'%20stroke='%23000'/%3e%3cpath%20d='M41,95H214V164H41V95'%20fill='%2340698E'%20stroke='%23000'/%3e%3cpath%20d='M55,126A72,30,0,1,0,200,126A72,30,0,1,0,55,126'%20fill='%2331516F'/%3e%3cpath%20d='M72,126A55,23,0,1,0,183,126A55,23,0,1,0,72,126'%20fill='%232B455E'/%3e%3cpath%20d='M99,126A28,28,0,1,0,156,126A28,28,0,1,0,99,126'%20fill='%23192A3A'%20stroke='%23000'/%3e%3cpath%20d='M103,126A24,24,0,1,0,152,126A24,24,0,1,0,103,126'%20fill='%23EB3353'%20stroke='%23000'/%3e%3cpath%20d='M121,126A6,6,0,1,0,134,126A6,6,0,1,0,121,126'%20fill='%23192A3A'%20stroke='%23000'/%3e%3cpath%20d='M116,126A23,23,0,0,1,134,103A26,26,0,0,0,128,103A23,23,0,1,0,128,150A26,26,0,0,0,134,149A23,23,0,0,1,116,126'%20fill='%23980512'/%3e%3cpath%20d='M192,155H63A21,21,0,0,1,41,134V142A21,21,0,0,0,63,164H192A21,21,0,0,0,214,142V134A21,21,0,0,1,192,155'%20fill='%23121D3B'%20stroke='%23000'/%3e%3cpath%20d='M85,71H71A8,8,0,0,0,63,79V93A8,8,0,0,0,71,101H85A8,8,0,0,0,93,93V79A8,8,0,0,0,85,71M89,93A3,3,0,0,1,85,97H71A3,3,0,0,1,68,93V79A3,3,0,0,1,71,75H85A3,3,0,0,1,89,79V93'%20fill='%23414141'%20stroke='%23000'/%3e%3cpath%20d='M151,71H137A8,8,0,0,0,129,79V93A8,8,0,0,0,137,101H151A8,8,0,0,0,159,93V79A8,8,0,0,0,151,71M155,93A3,3,0,0,1,151,97H137A3,3,0,0,1,133,93V79A3,3,0,0,1,137,75H151A3,3,0,0,1,155,79V93'%20fill='%23414141'%20stroke='%23000'/%3e%3cpath%20d='M118,71H104A8,8,0,0,0,96,79V93A8,8,0,0,0,104,101H118A8,8,0,0,0,126,93V79A8,8,0,0,0,118,71M122,93A3,3,0,0,1,118,97H104A3,3,0,0,1,100,93V79A3,3,0,0,1,104,75H118A3,3,0,0,1,122,79V93'%20fill='%238B8B8B'%20stroke='%23000'/%3e%3cpath%20d='M184,71H170A8,8,0,0,0,162,79V93A8,8,0,0,0,170,101H184A8,8,0,0,0,192,93V79A8,8,0,0,0,184,71M187,93A3,3,0,0,1,184,97H170A3,3,0,0,1,166,93V79A3,3,0,0,1,170,75H184A3,3,0,0,1,187,79V93'%20fill='%238B8B8B'%20stroke='%23000'/%3e%3cpath%20d='M101,81H91A4,4,0,1,0,91,91H101A4,4,0,1,0,101,81'%20fill='%23969696'%20stroke='%23000'/%3e%3cpath%20d='M134,81H124A4,4,0,1,0,124,91H134A4,4,0,0,0,134,81V81'%20fill='%23969696'%20stroke='%23000'/%3e%3cpath%20d='M166,81H157A4,4,0,0,0,157,91H166A4,4,0,1,0,166,81'%20fill='%23969696'%20stroke='%23000'/%3e%3cpath%20d='M197,87L188,82A4,4,0,0,0,183,90L192,95A4,4,0,0,0,198,93V93A4,4,0,0,0,197,87'%20fill='%23969696'%20stroke='%23000'/%3e%3cpath%20d='M67,82L58,87A4,4,0,0,0,57,93V93A4,4,0,0,0,63,95L72,90A4,4,0,1,0,67,82V82'%20fill='%23969696'%20stroke='%23000'/%3e%3cpath%20d='M196,87L188,83A3,3,0,0,0,186,82A4,4,0,0,0,184,82L192,87A5,5,0,0,1,194,94L193,95H194A4,4,0,0,0,198,93A4,4,0,0,0,196,87'%20fill='%23545454'/%3e%3cpath%20d='M91,82A4,4,0,0,0,91,90A5,5,0,0,1,90,88A5,5,0,0,1,96,82H103A4,4,0,0,0,101,82H91'%20fill='%23545454'/%3e%3cpath%20d='M124,82A4,4,0,0,0,120,86A4,4,0,0,0,124,90A4,4,0,0,1,123,88A5,5,0,0,1,128,82H136A3,3,0,0,0,134,82H124'%20fill='%23545454'/%3e%3cpath%20d='M157,82A4,4,0,0,0,157,90A5,5,0,0,1,156,88A5,5,0,0,1,161,82H168A4,4,0,0,0,166,82H157'%20fill='%23545454'/%3e%3cpath%20d='M67,83L59,87A4,4,0,0,0,57,93A4,4,0,0,0,61,95H62A4,4,0,0,1,61,94A5,5,0,0,1,63,87L71,82A4,4,0,0,0,69,82A3,3,0,0,0,67,83'%20fill='%23545454'/%3e%3cstyle%3epath{stroke-width:0.71}%3c/style%3e%3c/svg%3e", "name": "Dreamer%20%2312", "description": "Runners%20run,%20but%20sometimes%20they%20dream.%20This%20is%20one%20of%20their%20dreams.","attributes": ""}