data:application/json,{"image_data": "%3csvg%20xmlns='http://www.w3.org/2000/svg'%20viewBox='0%200%20255%20255'%20width='500px'%20height='500px'%3e%3cpath%20d='M0,0H255V255H0V0'%20fill='%236E2AF5'%20stroke='%23000'/%3e%3cpath%20d='M173,217H82C54,224,48,255,48,255H207C207,255,201,224,173,217'%20fill='%236E81AF'%20stroke='%23000'/%3e%3cpath%20d='M82,211H173V255H82V211'%20fill='%23E8C49F'%20stroke='%23000'/%3e%3cpath%20d='M83,211V225C96,238,111,246,127,246C144,246,159,238,172,225V211H83'%20fill='%23DCAB7E'/%3e%3cpath%20d='M197,106H58C46,106,36,117,36,131C36,145,46,156,58,156H197C209,156,219,145,219,131C219,117,209,106,197,106'%20fill='%23D1A16F'%20stroke='%23000'/%3e%3cpath%20d='M58,135A69,99,0,1,0,197,135A69,99,0,1,0,58,135'%20fill='%23E8C49F'%20stroke='%23000'/%3e%3cpath%20d='M196,120C196,120,209,118,210,135'%20fill='none'%20stroke='%23000'/%3e%3cpath%20d='M59,120C59,120,46,118,45,135'%20fill='none'%20stroke='%23000'/%3e%3cpath%20d='M79,135C79,86,104,45,136,38A44,44,0,0,0,126,37C89,37,59,81,59,135C59,190,89,233,126,233A50,50,0,0,0,136,232C104,225,79,185,79,135'%20fill='%23DCAB7E'/%3e%3cpath%20d='M127,196C111,196,107,192,107,192C107,192,113,206,127,206C142,206,148,192,148,192C148,192,144,196,127,196'%20fill='%23171717'%20stroke='%23000'/%3e%3cpath%20d='M131,174H123A4,4,0,0,0,119,179V179A4,4,0,0,0,123,184H131A4,4,0,0,0,136,179V179A4,4,0,0,0,131,174'%20fill='%231E1E1E'%20stroke='%23000'/%3e%3cpath%20d='M76,136A20,16,0,1,0,116,136A20,16,0,1,0,76,136'%20fill='%23CB5F66'%20stroke='%23000'/%3e%3cpath%20d='M107,129A28,28,0,0,0,103,129C94,129,86,133,86,139C86,144,94,149,103,149A28,28,0,0,0,107,148C100,147,94,143,94,139C94,134,100,130,107,129'%20fill='%23000000'%20stroke='%23000'/%3e%3cpath%20d='M143,139C143,134,148,130,156,129A28,28,0,0,0,152,129C142,129,135,133,135,139C135,144,142,149,152,149A28,28,0,0,0,156,148C148,147,143,143,143,139'%20fill='%23000000'%20stroke='%23000'/%3e%3cpath%20d='M107,129C100,130,94,134,94,139C94,143,100,147,107,148C115,147,120,143,120,139C120,134,115,130,107,129'%20fill='%23FFFFFF'%20stroke='%23000'/%3e%3cpath%20d='M156,129C148,130,143,134,143,139C143,143,148,147,156,148C163,147,169,143,169,139C169,134,163,130,156,129'%20fill='%23FFFFFF'%20stroke='%23000'/%3e%3cpath%20d='M87,105A6,6,0,0,0,83,116A6,6,0,0,0,90,118C96,116,108,115,117,128C117,128,115,101,87,105'%20fill='%23000000'%20stroke='%23000'/%3e%3cpath%20d='M168,105C140,101,138,128,138,128C147,115,159,116,165,118A6,6,0,0,0,172,116A6,6,0,0,0,168,105'%20fill='%23000000'%20stroke='%23000'/%3e%3cpath%20d='M107,135A3,3,0,0,0,104,139A3,3,0,0,0,107,142A3,3,0,0,0,111,139A3,3,0,0,0,107,135'%20fill='%23000000'%20stroke='%23000'/%3e%3cpath%20d='M156,135A3,3,0,0,0,152,139A3,3,0,0,0,156,142A3,3,0,0,0,159,139A3,3,0,0,0,156,135'%20fill='%23000000'%20stroke='%23000'/%3e%3cpath%20d='M98,87C112,87,109,98,124,95C140,93,145,81,157,91'%20fill='none'%20stroke='%23000'/%3e%3cpath%20d='M110,101C118,101,116,107,126,106C135,104,138,97,145,103'%20fill='none'%20stroke='%23000'/%3e%3cpath%20d='M80,139A23,15,0,1,0,126,139A23,15,0,1,0,80,139'%20fill='%23FFFFFF'%20stroke='%23000'/%3e%3cpath%20d='M129,139A23,15,0,1,0,175,139A23,15,0,1,0,129,139'%20fill='%23FFFFFF'%20stroke='%23000'/%3e%3cpath%20d='M202,153A5,5,0,0,0,197,159A5,5,0,1,0,202,153'%20fill='%23ABABAB'%20stroke='%23000'/%3e%3cpath%20d='M53,153A5,5,0,0,0,47,159A5,5,0,1,0,53,153'%20fill='%23ABABAB'%20stroke='%23000'/%3e%3cpath%20d='M203,154A5,5,0,0,0,199,155V155A5,5,0,0,1,204,160A4,4,0,0,1,203,164A5,5,0,1,0,203,154V154'%20fill='%23777777'/%3e%3cpath%20d='M47,159A5,5,0,0,0,52,164A4,4,0,0,1,51,160A5,5,0,0,1,56,155V155A4,4,0,0,0,52,154A5,5,0,0,0,47,159'%20fill='%23777777'/%3e%3cpath%20d='M173,217H82C54,224,48,255,48,255H207C207,255,201,224,173,217'%20fill='%23060508'%20stroke='%23000'/%3e%3cpath%20d='M82,211H173V255H82V211'%20fill='%23222033'%20stroke='%23000'/%3e%3cpath%20d='M82,211V225C95,238,111,246,127,246C144,246,160,238,173,225V211H82'%20fill='%23000000'/%3e%3cpath%20d='M193,144H62A6,6,0,0,0,55,152C63,199,92,235,127,235C163,235,192,199,199,152A6,6,0,0,0,193,144'%20fill='%23222033'%20stroke='%23000'/%3e%3cpath%20d='M193,144H153C146,184,124,216,96,225C105,231,116,235,127,235C163,235,192,199,199,152A6,6,0,0,0,193,144'%20fill='%23000000'/%3e%3cpath%20d='M166,42A42,42,0,0,1,162,55C171,61,197,94,197,125C197,125,211,46,166,42'%20fill='%23513E3A'%20stroke='%23000'/%3e%3cpath%20d='M61,84C33,124,61,179,61,179C61,221,96,242,96,242C82,145,96,90,96,90C104,91,112,87,113,76C143,80,156,66,162,55A42,42,0,0,0,166,42C103,0,56,60,61,84'%20fill='%23764B42'%20stroke='%23000'/%3e%3cpath%20d='M139,32A66,66,0,0,1,149,33A68,68,0,0,0,123,28C104,28,86,37,73,52C64,63,60,76,61,84V84V84C33,124,61,178,61,179V179V179C61,216,90,237,95,240C95,237,94,234,94,231C83,217,77,202,77,185C76,182,50,129,77,90C75,81,80,68,89,57C102,42,120,32,139,32'%20fill='%23472620'/%3e%3cpath%20d='M187,54A28,28,0,0,0,166,43A46,46,0,0,1,164,51C187,55,193,82,193,103A79,79,0,0,1,197,120C199,107,201,72,187,54'%20fill='%2330211F'/%3e%3cstyle%3epath{stroke-width:0.71}%3c/style%3e%3c/svg%3e", "name": "Dreamer #9", "description": "Runners run, but sometimes they dream. This is one of their dreams.", "attributes": ""}