// Jest Snapshot v1, https://goo.gl/fbAQLP

exports[`ChainDreamers tokenURI should return base64 token data 1`] = `
Array [
  "data:application/json;base64,ZGF0YTphcHBsaWNhdGlvbi9qc29uLHsiaW1hZ2VfZGF0YSI6ICIlM2NzdmclMjB4bWxucz0naHR0cDovL3d3dy53My5vcmcvMjAwMC9zdmcnJTIwdmlld0JveD0nMCUyMDAlMjAyNTUlMjAyNTUnJTIwd2lkdGg9JzUwMHB4JyUyMGhlaWdodD0nNTAwcHgnJTNlJTNjcGF0aCUyMGQ9J00wLDBIMjU1VjI1NUgwVjAnJTIwZmlsbD0nJTIzQTJBMkEyJyUyMHN0cm9rZT0nJTIzMDAwJy8lM2UlM2NwYXRoJTIwZD0nTTE3MywyMTdIODJDNTQsMjI0LDQ4LDI1NSw0OCwyNTVIMjA3QzIwNywyNTUsMjAxLDIyNCwxNzMsMjE3JyUyMGZpbGw9JyUyM0Q0NUNBMyclMjBzdHJva2U9JyUyMzAwMCcvJTNlJTNjcGF0aCUyMGQ9J004MiwyMTFIMTczVjI1NUg4MlYyMTEnJTIwZmlsbD0nJTIzQ0FBNTY0JyUyMHN0cm9rZT0nJTIzMDAwJy8lM2UlM2NwYXRoJTIwZD0nTTgzLDIxMVYyMjVDOTYsMjM4LDExMSwyNDYsMTI3LDI0NkMxNDQsMjQ2LDE1OSwyMzgsMTcyLDIyNVYyMTFIODMnJTIwZmlsbD0nJTIzQjQ4NzQ0Jy8lM2UlM2NwYXRoJTIwZD0nTTE5NywxMDZINThDNDYsMTA2LDM2LDExNywzNiwxMzFDMzYsMTQ1LDQ2LDE1Niw1OCwxNTZIMTk3QzIwOSwxNTYsMjE5LDE0NSwyMTksMTMxQzIxOSwxMTcsMjA5LDEwNiwxOTcsMTA2JyUyMGZpbGw9JyUyMzkxNzg0QiclMjBzdHJva2U9JyUyMzAwMCcvJTNlJTNjcGF0aCUyMGQ9J001OCwxMzVBNjksOTksMCwxLDAsMTk3LDEzNUE2OSw5OSwwLDEsMCw1OCwxMzUnJTIwZmlsbD0nJTIzQ0FBNTY0JyUyMHN0cm9rZT0nJTIzMDAwJy8lM2UlM2NwYXRoJTIwZD0nTTE5NiwxMjBDMTk2LDEyMCwyMDksMTE4LDIxMCwxMzUnJTIwZmlsbD0nbm9uZSclMjBzdHJva2U9JyUyMzAwMCcvJTNlJTNjcGF0aCUyMGQ9J001OSwxMjBDNTksMTIwLDQ2LDExOCw0NSwxMzUnJTIwZmlsbD0nbm9uZSclMjBzdHJva2U9JyUyMzAwMCcvJTNlJTNjcGF0aCUyMGQ9J003OSwxMzVDNzksODYsMTA0LDQ1LDEzNiwzOEE0NCw0NCwwLDAsMCwxMjYsMzdDODksMzcsNTksODEsNTksMTM1QzU5LDE5MCw4OSwyMzMsMTI2LDIzM0E1MCw1MCwwLDAsMCwxMzYsMjMyQzEwNCwyMjUsNzksMTg1LDc5LDEzNSclMjBmaWxsPSclMjNCNDg3NDQnLyUzZSUzY3BhdGglMjBkPSdNMTM5LDIyMUMxMzksMjE0LDEyOSwyMTUsMTI5LDIxNUMxMjksMjE1LDEyNCwyMTQsMTIxLDIxOEEwLDAsMCwwLDAsMTIxLDIxOEE4LDgsMCwwLDAsMTIwLDIxOUE1LDUsMCwwLDAsMTIwLDIyMUE2LDYsMCwwLDAsMTIxLDIyNEE4LDgsMCwwLDAsMTIyLDIyNkwxMjMsMjI3VjIyN0wxMjQsMjI4QTIxLDIxLDAsMCwwLDEyOSwyMzFIMTMwVjIzMUMxMzIsMjMwLDEzOSwyMjcsMTM5LDIyMSclMjBmaWxsPSclMjMxNTE1MTUnLyUzZSUzY3BhdGglMjBkPSdNMTQ0LDE5NUgxMTFBNSw1LDAsMCwwLDExMSwyMDZIMTQ0QTUsNSwwLDEsMCwxNDQsMTk1JyUyMGZpbGw9JyUyMzAwMDAwMCcvJTNlJTNjcGF0aCUyMGQ9J00xNDQsMTk1SDExMUE1LDUsMCwwLDAsMTA2LDE5OUgxNDlBNSw1LDAsMCwwLDE0NCwxOTUnJTIwZmlsbD0nJTIzRkZGRkZGJyUyMHN0cm9rZT0nJTIzMDAwJy8lM2UlM2NwYXRoJTIwZD0nTTExMSwyMDZIMTQ0QTUsNSwwLDAsMCwxNDgsMjAzSDEwN0E1LDUsMCwwLDAsMTExLDIwNiclMjBmaWxsPSclMjNGRkZGRkYnJTIwc3Ryb2tlPSclMjMwMDAnLyUzZSUzY3BhdGglMjBkPSdNMTQzLDE2NkMxNDMsMTY2LDE0MSwxNzcsMTI3LDE3N0MxMTQsMTc3LDExMiwxNjYsMTEyLDE2NiclMjBmaWxsPSdub25lJyUyMHN0cm9rZT0nJTIzMDAwJy8lM2UlM2NwYXRoJTIwZD0nTTEwNCwxNDdBNyw3LDAsMCwwLDk3LDE0MEE3LDcsMCwwLDAsODksMTQ4QzkwLDE1NSw4OCwxNjQsNzQsMTczQzc0LDE3MywxMDYsMTc1LDEwNCwxNDcnJTIwZmlsbD0nJTIzRjFEM0Q1JyUyMHN0cm9rZT0nJTIzMDAwJy8lM2UlM2NwYXRoJTIwZD0nTTEwMSwxMjJBMTUsMTUsMCwwLDAsODYsMTM3QTE3LDE3LDAsMCwwLDg3LDE0MkExNSwxNSwwLDAsMSwxMTYsMTQyQTE3LDE3LDAsMCwwLDExNywxMzdBMTUsMTUsMCwwLDAsMTAxLDEyMiclMjBmaWxsPSclMjMwMDAwMDAnJTIwc3Ryb2tlPSclMjMwMDAnLyUzZSUzY3BhdGglMjBkPSdNODcsMTQyQTE0LDEwLDAsMSwwLDExNiwxNDJBMTQsMTAsMCwxLDAsODcsMTQyJyUyMGZpbGw9JyUyM0ZGRkZGRiclMjBzdHJva2U9JyUyMzAwMCcvJTNlJTNjcGF0aCUyMGQ9J004NywxMDVBNiw2LDAsMCwwLDgzLDExNkE2LDYsMCwwLDAsODksMTE4Qzk2LDExNiwxMDgsMTE1LDExNywxMjhDMTE3LDEyOCwxMTUsMTAxLDg3LDEwNSclMjBmaWxsPSclMjMwMDAwMDAnJTIwc3Ryb2tlPSclMjMwMDAnLyUzZSUzY3BhdGglMjBkPSdNMTAxLDEzN0E0LDQsMCwxLDAsMTA2LDE0MkE0LDQsMCwwLDAsMTAxLDEzNyclMjBmaWxsPSclMjMwMDAwMDAnJTIwc3Ryb2tlPSclMjMwMDAnLyUzZSUzY3BhdGglMjBkPSdNMTU0LDEyMkExNSwxNSwwLDAsMCwxMzgsMTM3QTE0LDE0LDAsMCwwLDEzOSwxNDJBMTUsMTUsMCwwLDEsMTY4LDE0MkExNCwxNCwwLDAsMCwxNjksMTM3QTE1LDE1LDAsMCwwLDE1NCwxMjInJTIwZmlsbD0nJTIzMDAwMDAwJyUyMHN0cm9rZT0nJTIzMDAwJy8lM2UlM2NwYXRoJTIwZD0nTTEzOSwxNDJBMTQsMTAsMCwxLDAsMTY4LDE0MkExNCwxMCwwLDEsMCwxMzksMTQyJyUyMGZpbGw9JyUyM0ZGRkZGRiclMjBzdHJva2U9JyUyMzAwMCcvJTNlJTNjcGF0aCUyMGQ9J00xNjgsMTA1QzE0MCwxMDEsMTM4LDEyOCwxMzgsMTI4QzE0NywxMTUsMTU5LDExNiwxNjUsMTE4QTYsNiwwLDAsMCwxNzIsMTE2QTYsNiwwLDAsMCwxNjgsMTA1JyUyMGZpbGw9JyUyMzAwMDAwMCclMjBzdHJva2U9JyUyMzAwMCcvJTNlJTNjcGF0aCUyMGQ9J00xNTQsMTM3QTQsNCwwLDEsMCwxNTgsMTQyQTQsNCwwLDAsMCwxNTQsMTM3JyUyMGZpbGw9JyUyMzAwMDAwMCclMjBzdHJva2U9JyUyMzAwMCcvJTNlJTNjcGF0aCUyMGQ9J001OSwxNTZINThINTVBOSw5LDAsMCwxLDU3LDE2MUE4LDgsMCwwLDEsNDgsMTY5QTgsOCwwLDAsMSw0MCwxNjBBOCw4LDAsMCwxLDQ2LDE1Mkg0N0EyLDIsMCwwLDAsNDYsMTQ4QTEwLDEwLDAsMCwwLDQzLDE0OUExMiwxMiwwLDEsMCw2MSwxNjNDNjAsMTYxLDYwLDE1OCw1OSwxNTZWMTU2JyUyMGZpbGw9JyUyM0IxRjhGRCclMjBzdHJva2U9JyUyMzAwMCcvJTNlJTNjcGF0aCUyMGQ9J00yMTIsMTQ5QTExLDExLDAsMCwwLDIwOSwxNDhBMSwxLDAsMCwwLDIwNywxNTBBMSwxLDAsMCwwLDIwOCwxNTJIMjA5QTgsOCwwLDAsMSwyMTUsMTYxQTgsOCwwLDAsMSwyMDcsMTY5QTgsOCwwLDAsMSwxOTgsMTYxQTcsNywwLDAsMSwyMDAsMTU2SDE5N0gxOTZDMTk1LDE1OSwxOTUsMTYxLDE5NCwxNjNBMTIsMTIsMCwwLDAsMjE5LDE2MkExMiwxMiwwLDAsMCwyMTIsMTQ5JyUyMGZpbGw9JyUyM0IxRjhGRCclMjBzdHJva2U9JyUyMzAwMCcvJTNlJTNjcGF0aCUyMGQ9J00zOSwxNjJBMTEsMTEsMCwwLDEsNDcsMTQ5QzMyLDE0OSwzMywxNzQsNDksMTcyQTExLDExLDAsMCwxLDM5LDE2MiclMjBmaWxsPSclMjM1RkMyQzcnLyUzZSUzY3BhdGglMjBkPSdNNTIsMTY5QzYzLDE2Niw1NiwxNTcsNTYsMTU3QzYwLDE2Niw1MiwxNjksNTIsMTY5JyUyMGZpbGw9JyUyMzVGQzJDNycvJTNlJTNjcGF0aCUyMGQ9J00yMDgsMTQ5QTExLDExLDAsMCwxLDIwNiwxNzJDMjIyLDE3NCwyMjMsMTQ5LDIwOCwxNDknJTIwZmlsbD0nJTIzNUZDMkM3Jy8lM2UlM2NwYXRoJTIwZD0nTTE5OSwxNTdDMTk5LDE1NywxOTIsMTY2LDIwMywxNjlDMjAzLDE2OSwxOTUsMTY2LDE5OSwxNTcnJTIwZmlsbD0nJTIzNUZDMkM3Jy8lM2UlM2NwYXRoJTIwZD0nTTE4Miw2MUE2LDYsMCwwLDAsMTczLDYxTDEyMSwxMTNDMTE0LDEwNSwxMDAsMTAzLDkwLDExMEg1OEM1MiwxMTAsNTIsMTIwLDU4LDEyMEg4MkM3NywxMjksNzksMTQxLDg3LDE0OEw2MCwxNzVDNTYsMTc5LDU5LDE4Niw2NSwxODVBNiw2LDAsMCwwLDcwLDE4NEw5OCwxNTVDMTE2LDE1OSwxMzMsMTQyLDEyOCwxMjRMMTgyLDcwQTYsNiwwLDAsMCwxODIsNjEnJTIwZmlsbD0nJTIzMDAwMDAwJyUyMHN0cm9rZT0nJTIzMDAwJy8lM2UlM2NwYXRoJTIwZD0nTTgzLDEzMUEyMCwyMCwwLDEsMCwxMjUsMTMxQTIwLDIwLDAsMSwwLDgzLDEzMSclMjBmaWxsPSclMjM2RDlDRjgnJTIwc3Ryb2tlPSclMjMwMDAnLyUzZSUzY3BhdGglMjBkPSdNOTUsMTI4QTE5LDE5LDAsMCwxLDEwNCwxMTFWMTExQTE5LDE5LDAsMSwwLDEwNCwxNTBBMTgsMTgsMCwwLDAsMTE0LDE0N0ExOSwxOSwwLDAsMSw5NSwxMjgnJTIwZmlsbD0nJTIzMkY1RkYxJy8lM2UlM2NwYXRoJTIwZD0nTTEwNywxMTRBOCw4LDAsMSwwLDExNSwxMjJBOCw4LDAsMCwwLDEwNywxMTQnJTIwZmlsbD0nJTIzRkZGRkZGJyUyMHN0cm9rZT0nJTIzMDAwJy8lM2UlM2NwYXRoJTIwZD0nTTE3NCwxM0g4MUE5LDksMCwwLDAsNzEsMjFWNzZDNzEsNzYsNzUsOTAsMTI3LDkwQzE4MCw5MCwxODQsNzYsMTg0LDc2VjIxQTksOSwwLDAsMCwxNzQsMTMnJTIwZmlsbD0nJTIzMjYyODUxJyUyMHN0cm9rZT0nJTIzMDAwJy8lM2UlM2NwYXRoJTIwZD0nTTEyNyw3OEM5Myw3OCw3OCw3Miw3MSw2OFY3NkM3MSw3Niw3NSw5MCwxMjUsOTBIMTMwQzE4MCw5MCwxODQsNzYsMTg0LDc2VjY4QzE3Nyw3MiwxNjIsNzgsMTI3LDc4JyUyMGZpbGw9JyUyMzZEOUNGOCclMjBzdHJva2U9JyUyMzAwMCcvJTNlJTNjcGF0aCUyMGQ9J00xODIsMTZIMTgxVjE2TDE4MCwxNVYxNUgxNzlWMTRIMTc4VjE0SDE3N1YxNEwxNzYsMTNIODFBOCw4LDAsMCwwLDcyLDIwQTUsNSwwLDAsMCw3MiwyMVY2OEE0Nyw0NywwLDAsMCw4Niw3M1YyNkE5LDksMCwwLDEsOTUsMTdIMTgyVjE2JyUyMGZpbGw9JyUyMzExMTMyQicvJTNlJTNjcGF0aCUyMGQ9J004Niw4MVY4MVY3NEE1MSw1MSwwLDAsMSw3Miw2OVY3NkM3Miw3OCw3Niw4Myw5MSw4NkM4Niw4Myw4Niw4MSw4Niw4MSclMjBmaWxsPSclMjMyMDQ0N0YnLyUzZSUzY3BhdGglMjBkPSdNMTg0LDc2QzE4NCw3NiwxODAsOTAsMTI3LDkwQzc1LDkwLDcxLDc2LDcxLDc2QzcxLDc2LDI5LDc5LDI5LDkzQzI5LDEwNiw5OSwxMTQsMTI3LDExNEMxNTYsMTE0LDIyNiwxMDYsMjI2LDkzQzIyNiw3OSwxODQsNzYsMTg0LDc2JyUyMGZpbGw9JyUyMzNDNDA3MCclMjBzdHJva2U9JyUyMzAwMCcvJTNlJTNjcGF0aCUyMGQ9J00xMjcsOEMxMjcsOCw4OCw3MCwxMjcsNzBDMTY3LDcwLDEyNyw4LDEyNyw4JyUyMGZpbGw9JyUyMzQ0NTg0NSclMjBzdHJva2U9JyUyMzAwMCcvJTNlJTNjcGF0aCUyMGQ9J003OCw3NEEyLDIsMCwxLDAsODAsNzZBMiwyLDAsMCwwLDc4LDc0JyUyMGZpbGw9JyUyMzc4QTgzRiclMjBzdHJva2U9JyUyMzAwMCcvJTNlJTNjcGF0aCUyMGQ9J004OSw3NkEzLDMsMCwwLDAsODUsODBBMywzLDAsMCwwLDkyLDgwQTMsMywwLDAsMCw4OSw3NiclMjBmaWxsPSclMjM3OEE4M0YnJTIwc3Ryb2tlPSclMjMwMDAnLyUzZSUzY3BhdGglMjBkPSdNMTAxLDc5QTMsMywwLDEsMCwxMDEsODZBMywzLDAsMCwwLDEwMSw3OSclMjBmaWxsPSclMjM3OEE4M0YnJTIwc3Ryb2tlPSclMjMwMDAnLyUzZSUzY3BhdGglMjBkPSdNMTEzLDgwQTMsMywwLDAsMCwxMTAsODRBMywzLDAsMCwwLDExNyw4NEEzLDMsMCwwLDAsMTEzLDgwJyUyMGZpbGw9JyUyMzc4QTgzRiclMjBzdHJva2U9JyUyMzAwMCcvJTNlJTNjcGF0aCUyMGQ9J00xNzcsNzRBMiwyLDAsMSwwLDE4MCw3NkEyLDIsMCwwLDAsMTc3LDc0JyUyMGZpbGw9JyUyMzc4QTgzRiclMjBzdHJva2U9JyUyMzAwMCcvJTNlJTNjcGF0aCUyMGQ9J00xNjYsNzZBMywzLDAsMCwwLDE2Myw4MEEzLDMsMCwwLDAsMTcwLDgwQTMsMywwLDAsMCwxNjYsNzYnJTIwZmlsbD0nJTIzNzhBODNGJyUyMHN0cm9rZT0nJTIzMDAwJy8lM2UlM2NwYXRoJTIwZD0nTTE1NCw3OUEzLDMsMCwxLDAsMTU0LDg2QTMsMywwLDAsMCwxNTQsNzknJTIwZmlsbD0nJTIzNzhBODNGJyUyMHN0cm9rZT0nJTIzMDAwJy8lM2UlM2NwYXRoJTIwZD0nTTE0Miw4MEEzLDMsMCwwLDAsMTM4LDg0QTMsMywwLDAsMCwxNDUsODRBMywzLDAsMCwwLDE0Miw4MCclMjBmaWxsPSclMjM3OEE4M0YnJTIwc3Ryb2tlPSclMjMwMDAnLyUzZSUzY3BhdGglMjBkPSdNMTI3LDgwQTQsNCwwLDEsMCwxMzIsODRBNCw0LDAsMCwwLDEyNyw4MCclMjBmaWxsPSclMjM3OEE4M0YnJTIwc3Ryb2tlPSclMjMwMDAnLyUzZSUzY3BhdGglMjBkPSdNNDgsOTFDNDgsODUsNTUsODAsNzEsNzdWNzZBMTYzLDE2MywwLDAsMCw1MCw4MEM0MCw4MiwyOSw4NiwyOSw5M0MyOSwxMDYsOTksMTEzLDEyNywxMTNDMTMyLDExMywxMzgsMTEzLDE0NCwxMTNDMTE3LDExMiw0OCwxMDUsNDgsOTEnJTIwZmlsbD0nJTIzMjEyNjQ0Jy8lM2UlM2NwYXRoJTIwZD0nTTE4NCw3NkMxODMsNzgsMTgwLDg0LDE2Miw4OEMxODUsODYsMTk1LDgxLDE5OSw3OEMxOTIsNzcsMTg2LDc2LDE4NCw3NiclMjBmaWxsPSclMjMyMTI2NDQnLyUzZSUzY3BhdGglMjBkPSdNMTIwLDYxQzExMyw1MCwxMjQsMjcsMTMxLDE0QzEyOSwxMSwxMjgsMTAsMTI3LDlDMTI0LDE0LDEwNCw0OCwxMTIsNjNDMTE1LDY3LDEyMCw2OSwxMjcsNjlBMjUsMjUsMCwwLDAsMTM1LDY4QzEyOCw2OCwxMjMsNjYsMTIwLDYxJyUyMGZpbGw9JyUyMzIwMkQyMCcvJTNlJTNjcGF0aCUyMGQ9J00xNzYsMzVDMTczLDM1LDE3MSw0MiwxNzEsNDlDMTcxLDU3LDE3Myw2NCwxNzYsNjRDMTc5LDY0LDE4MSw1NywxODEsNDlDMTgxLDQyLDE3OSwzNSwxNzYsMzUnJTIwZmlsbD0nJTIzNzhBODNGJyUyMHN0cm9rZT0nJTIzMDAwJy8lM2UlM2NwYXRoJTIwZD0nTTc5LDM1Qzc2LDM1LDc0LDQyLDc0LDQ5Qzc0LDU3LDc2LDY0LDc5LDY0QzgyLDY0LDg0LDU3LDg0LDQ5Qzg0LDQyLDgyLDM1LDc5LDM1JyUyMGZpbGw9JyUyMzc4QTgzRiclMjBzdHJva2U9JyUyMzAwMCcvJTNlJTNjcGF0aCUyMGQ9J00xMTMsNDlBMTQsMTQsMCwxLDAsMTQyLDQ5QTE0LDE0LDAsMSwwLDExMyw0OSclMjBmaWxsPSclMjM3OEE4M0YnJTIwc3Ryb2tlPSclMjMwMDAnLyUzZSUzY3BhdGglMjBkPSdNMTc2LDM5QzE3NCwzOSwxNzIsNDQsMTcyLDQ5QzE3Miw1NSwxNzQsNjAsMTc2LDYwQzE3OCw2MCwxODAsNTUsMTgwLDQ5QzE4MCw0NCwxNzgsMzksMTc2LDM5JyUyMGZpbGw9JyUyMzZEOUNGOCclMjBzdHJva2U9JyUyMzAwMCcvJTNlJTNjcGF0aCUyMGQ9J003OSwzOUM3NywzOSw3NSw0NCw3NSw0OUM3NSw1NSw3Nyw2MCw3OSw2MEM4MSw2MCw4Myw1NSw4Myw0OUM4Myw0NCw4MSwzOSw3OSwzOSclMjBmaWxsPSclMjM2RDlDRjgnJTIwc3Ryb2tlPSclMjMwMDAnLyUzZSUzY3BhdGglMjBkPSdNMTI3LDM5QTEwLDEwLDAsMSwwLDEzOCw0OUExMCwxMCwwLDAsMCwxMjcsMzknJTIwZmlsbD0nJTIzNkQ5Q0Y4JyUyMHN0cm9rZT0nJTIzMDAwJy8lM2UlM2NwYXRoJTIwZD0nTTc5LDM5Qzc3LDM5LDc1LDQ0LDc1LDQ5Qzc1LDU1LDc3LDU5LDc4LDU5QTIzLDIzLDAsMCwxLDc3LDUxQzc3LDQ2LDc4LDQyLDgwLDQxQzgwLDQwLDc5LDM5LDc5LDM5JyUyMGZpbGw9JyUyMzJDNTE4QycvJTNlJTNjcGF0aCUyMGQ9J00xNzYsMzlDMTc2LDM5LDE3NSw0MCwxNzUsNDFDMTc3LDQyLDE3OCw0NiwxNzgsNTFBMjMsMjMsMCwwLDEsMTc3LDU5QzE3OCw1OSwxODAsNTUsMTgwLDQ5QzE4MCw0NCwxNzgsMzksMTc2LDM5JyUyMGZpbGw9JyUyMzJDNTE4QycvJTNlJTNjcGF0aCUyMGQ9J00xMzAsNDBBMTIsMTIsMCwwLDAsMTI3LDM5QTEwLDEwLDAsMCwwLDEyNSw1OUExMSwxMSwwLDAsMSwxMzAsNDBWNDAnJTIwZmlsbD0nJTIzMkM1MThDJy8lM2UlM2NzdHlsZSUzZXBhdGh7c3Ryb2tlLXdpZHRoOjAuNzF9JTNjL3N0eWxlJTNlJTNjL3N2ZyUzZSIsICJuYW1lIjogIkRyZWFtZXIlMjAlMjMyIiwgImRlc2NyaXB0aW9uIjogIlJ1bm5lcnMlMjBydW4sJTIwYnV0JTIwc29tZXRpbWVzJTIwdGhleSUyMGRyZWFtLiUyMFRoaXMlMjBpcyUyMG9uZSUyMG9mJTIwdGhlaXIlMjBkcmVhbXMuIiwiYXR0cmlidXRlcyI6ICIifQ==",
]
`;
